// Jest Snapshot v1, https://goo.gl/fbAQLP

exports[`should test expenseListItems 1`] = `
<div>
  <h3>
    <Link
      replace={false}
      to="/edit/1"
    >
      Gum
    </Link>
  </h3>
  <h4>
    $195.00
    -
    1st January 1970
  </h4>
</div>
`;
