// Jest Snapshot v1, https://goo.gl/fbAQLP

exports[`test for header 1`] = `
<header>
  <h1>
    Expensify
  </h1>
  <NavLink
    activeClassName="active-nav"
    ariaCurrent="true"
    to="/dashboard"
  >
    Dashboard
  </NavLink>
  <NavLink
    activeClassName="active-nav"
    ariaCurrent="true"
    to="/create"
  >
    Create Expense
  </NavLink>
  <button
    onClick={[Function]}
  >
    Logout
  </button>
</header>
`;
